// Jest Snapshot v1, https://goo.gl/fbAQLP

exports[`renders correctly 1`] = `
<View
  style={
    Object {
      "bottom": 0,
      "left": 0,
      "position": "absolute",
      "right": 0,
      "top": 0,
    }
  }
>
  <View
    style={
      Object {
        "height": 70,
        "left": 0,
        "right": 0,
        "top": 0,
        "zIndex": 2,
      }
    }
  >
    <Navbar />
  </View>
  <ScrollViewMock
    onContentSizeChange={[Function]}
    style={
      Object {
        "bottom": 0,
        "left": 0,
        "right": 0,
      }
    }
  />
</View>
`;
